// Jest Snapshot v1, https://goo.gl/fbAQLP

exports[`Coverage module.exports should match the snapshot 1`] = `
Object {
  "CoverageCodeLensProvider": [Function],
  "CoverageMapProvider": [Function],
  "CoverageOverlay": [Function],
}
`;
